Open Watcom Linker Version 2.0 beta Feb 13 2020 00:24:26 (32-bit)
Copyright (c) 2002-2020 The Open Watcom Contributors. All Rights Reserved.
Portions Copyright (c) 1985-2002 Sybase, Inc. All Rights Reserved.
Created on:       20/02/16 04:04:08
Executable Image: ExitWindows.exe
creating a Windows 16-bit executable


                        +------------+
                        |   Groups   |
                        +------------+

Group                           Address              Size
=====                           =======              ====

DGROUP                          0002:0000            000021c0



                        +--------------+
                        |   Segments   |
                        +--------------+

Segment                Class          Group          Address         Size
=======                =====          =====          =======         ====

ExitWindows_TEXT       CODE           AUTO           0001:0000       00000140
_TEXT                  CODE           AUTO           0001:0140       00000349
FAR_DATA               FAR_DATA       AUTO           0002:0000       00000000
_NULL                  BEGDATA        DGROUP         0002:0000       00000010
AFX_NULL               BEGDATA        DGROUP         0002:0010       00000000
CONST                  DATA           DGROUP         0002:0010       000000a0
CONST2                 DATA           DGROUP         0002:00b0       00000000
_DATA                  DATA           DGROUP         0002:00b0       00000104
XIB                    DATA           DGROUP         0002:01b4       00000000
XI                     DATA           DGROUP         0002:01b4       00000006
XIE                    DATA           DGROUP         0002:01ba       00000000
YIB                    DATA           DGROUP         0002:01ba       00000000
YI                     DATA           DGROUP         0002:01ba       00000000
YIE                    DATA           DGROUP         0002:01ba       00000000
STRINGS                DATA           DGROUP         0002:01ba       00000000
DATA                   DATA           DGROUP         0002:01ba       00000000
BCSD                   DATA           DGROUP         0002:01ba       00000000
_BSS                   BSS            DGROUP         0002:01ba       00000000
STACK                  STACK          DGROUP         0002:01c0       00002000


                        +----------------+
                        |   Memory Map   |
                        +----------------+

* = unreferenced symbol
+ = symbol only referenced locally

Address        Symbol
=======        ======

Module: ExitWindows.obj(C:\WATCOM\ExitWindows\ExitWindows.c)
0001:0000      WINMAIN
Module: C:\WATCOM\lib286\win\clibl.lib(stk086.asm)
0001:0145      __STK
0001:015c*     __STKOVERFLOW_
Module: C:\WATCOM\lib286\win\clibl.lib(tolower.c)
0001:0179      tolower_
Module: C:\WATCOM\lib286\win\clibl.lib(wstart)
0000:0006*     pLocalHeap
0000:0008*     pAtomTable
0000:000a*     pStackTop
0000:000c*     pStackMin
0000:000e*     pStackBot
0002:0000*     __nullarea
0002:00b4*     __curbrk
0002:00b6*     __psp
0002:00b8*     __osmajor
0002:00b9*     __osminor
0002:00ba*     __osmode
0002:000a      __STACKLOW
0002:000c*     __STACKTOP
0002:00bc*     __cbyte
0002:00be*     __child
0002:00c0*     __no87
0002:00bb*     __HShift
0002:00c1*     __get_ovl_stack
0002:00c5*     __restore_ovl_stack
0002:00c9*     ___FPE_handler
0002:00cd*     __LpCmdLine
0002:00d1*     __LpPgmName
0001:0188      _wstart_
0001:0188*     _cstart_
0001:0193      __exit_
0001:02a9      __GETDS
Module: C:\WATCOM\lib286\win\clibl.lib(cmodel.asm)
0001:02ac      _big_code_
0001:02ac*     CodeModelMismatch
Module: C:\WATCOM\lib286\win\clibl.lib(xmsg.c)
0001:02ac*     __exit_with_msg_
0001:0303      __fatal_runtime_error_
Module: C:\WATCOM\lib286\win\clibl.lib(dosseg)
0001:031c      __DOSseg__
Module: C:\WATCOM\lib286\win\clibl.lib(exit.c)
0001:031d+     __null_int23_exit_
0001:031e      exit_
0001:0353      _exit_
0002:0166+     ___int23_exit
0002:016a+     ___FPE_handler_exit
Module: C:\WATCOM\lib286\win\clibl.lib(initrtns.c)
0001:0395*     __FInitRtns
0001:03a0      __InitRtns
0001:03fa*     __FFiniRtns
0001:0405      __FiniRtns
Module: C:\WATCOM\lib286\win\clibl.lib(enterdb.c)
0001:0465      __EnterWVIDEO_
0002:016e+     ___WD_Present
Module: C:\WATCOM\lib286\win\clibl.lib(winrtns.c)
0002:0170*     __WindowsIsWindowedHandle
0002:0174*     __WindowsRemoveWindowedHandle
0002:0178*     __WindowsNewWindow
0002:017c*     __WindowsCloseWindow
0002:0180*     __WindowsSetAbout
0002:0184*     __WindowsSetAppTitle
0002:0188*     __WindowsSetConTitle
0002:018c*     __WindowsDestroyOnClose
0002:0190*     __WindowsYieldControl
0002:0194*     __WindowsShutDown
0002:0198*     __WindowsStdin
0002:019c*     __WindowsStdout
0002:01a0*     __WindowsKbhit
0002:01a4*     __WindowsGetch
0002:01a8*     __WindowsGetche
0002:01ac*     __WindowsPutch
0002:01b0      __WindowsExitRtn
Module: C:\WATCOM\lib286\win\clibl.lib(sgdef086)
0002:01b4      __Start_XI
0002:01ba      __End_XI
0002:01ba      __Start_YI
0002:01ba      __End_YI


                        +----------------------+
                        |   Imported Symbols   |
                        +----------------------+

Symbol                              Module
======                              ======

MESSAGEBOX                          USER
EXITWINDOWS                         USER
INITTASK                            KERNEL
GETMODULEFILENAME                   KERNEL
INITAPP                             USER
WAITEVENT                           KERNEL
__AHSHIFT                           KERNEL


                        +--------------------+
                        |   Libraries Used   |
                        +--------------------+

C:\WATCOM\lib286\win\windows.lib
C:\WATCOM\lib286\win\clibl.lib


                        +-----------------------+
                        |   Linker Statistics   |
                        +-----------------------+

Stack size:  2000 (8192.)
Memory size:  2649 (9801.)
Entry point address: 0001:0188
Link time: 00:00.00
